// Jest Snapshot v1, https://goo.gl/fbAQLP

exports[`monthNumberToMonthName returns a readable month name 1`] = `"January"`;

exports[`monthNumberToMonthName returns a readable month name 2`] = `"February"`;

exports[`monthNumberToMonthName returns a readable month name 3`] = `"March"`;

exports[`monthNumberToMonthName returns a readable month name 4`] = `"April"`;

exports[`monthNumberToMonthName returns a readable month name 5`] = `"May"`;

exports[`monthNumberToMonthName returns a readable month name 6`] = `"June"`;

exports[`monthNumberToMonthName returns a readable month name 7`] = `"July"`;

exports[`monthNumberToMonthName returns a readable month name 8`] = `"August"`;

exports[`monthNumberToMonthName returns a readable month name 9`] = `"September"`;

exports[`monthNumberToMonthName returns a readable month name 10`] = `"October"`;

exports[`monthNumberToMonthName returns a readable month name 11`] = `"November"`;

exports[`monthNumberToMonthName returns a readable month name 12`] = `"December"`;
